
Welcome to Gradle 9.7.1!

Here are the highlights of this release:
 - Isolated Projects graduates to incubating
 - Broader Configuration Cache compatibility
 - Resilient Sync helps you fix broken builds
 - More source locations in problem reports

For more details see https://docs.gradle.org/9.7.1/release-notes.html

To honour the JVM settings for this build a single-use Daemon process will be forked. For more on this, please refer to https://docs.gradle.org/9.7.1/userguide/gradle_daemon.html#sec:disabling_the_daemon in the Gradle documentation.
Daemon will be stopped at the end of the build 
> Task :app:checkKotlinGradlePluginConfigurationErrors
> Task :app:preBuild UP-TO-DATE
> Task :app:preReleaseBuild UP-TO-DATE
> Task :app:generateReleaseResValues
> Task :app:generateReleaseResources
> Task :app:packageReleaseResources
> Task :app:javaPreCompileRelease
> Task :app:parseReleaseLocalResources
> Task :app:generateReleaseRFile
> Task :app:compileReleaseKotlin
> Task :app:compileReleaseJavaWithJavac NO-SOURCE
> Task :app:classesJar
> Task :app:packageDex FAILED

[Incubating] Problems report is available at: file:///home/runner/work/ios-bubble-outline/ios-bubble-outline/build/reports/problems/problems-report.html

FAILURE: Build failed with an exception.

* Where:
Build file '/home/runner/work/ios-bubble-outline/ios-bubble-outline/app/build.gradle' line: 99

* What went wrong:
Execution failed for task ':app:packageDex' (registered in build file 'app/build.gradle').
> Could not find method exec() for arguments [build_2v1c423nihgjqm1d9asljhzva$_run_closure3$_closure9$_closure10$_closure13@3fb4c1c4] on project ':app' of type org.gradle.api.Project.

* Try:
> Run with --stacktrace option to get the stack trace.
> Run with --info or --debug option to get more log output.
> Run with --scan to get full insights from a Build Scan (powered by Develocity).
> Get more help at https://help.gradle.org.

Deprecated Gradle features were used in this build, making it incompatible with Gradle 10.

You can use '--warning-mode all' to show the individual deprecation warnings and determine if they come from your own scripts or plugins.

For more on this, please refer to https://docs.gradle.org/9.7.1/userguide/command_line_interface.html#sec:command_line_warnings in the Gradle documentation.

BUILD FAILED in 56s
10 actionable tasks: 10 executed
